node.exe : ΓÜá Warning: Next.js inferred your workspace root, but it may not be correct.
At C:\Program Files\nodejs\npx.ps1:29 char:3
+   & $NODE_EXE $NPX_CLI_JS $args
+   ~~~~~~~~~~~~~~~~~~~~~~~~~~~~~
    + CategoryInfo          : NotSpecified: (ΓÜá Warning: Ne...not be correct.:String) [], RemoteException
    + FullyQualifiedErrorId : NativeCommandError
 
 We detected multiple lockfiles and selected the directory of C:\Users\Shubham\package-lock.json as the root directory.
 To silence this warning, set `turbopack.root` in your Next.js config, or consider removing one of the lockfiles if 
it's not needed.
   See https://nextjs.org/docs/app/api-reference/config/next-config-js/turbopack#root-directory for more information.
 Detected additional lockfiles: 
   * C:\Users\Shubham\Downloads\makeup\package-lock.json

Γû▓ Next.js 16.2.4 (Turbopack)

  Creating an optimized production build ...
Γ£ô Compiled successfully in 5.4s
  Running TypeScript ...
  Finished TypeScript in 207ms ...
  Collecting page data using 11 workers ...
  Generating static pages using 11 workers (0/12) ...
  Generating static pages using 11 workers (3/12) 
  Generating static pages using 11 workers (6/12) 
  Generating static pages using 11 workers (9/12) 
Γ£ô Generating static pages using 11 workers (12/12) in 1001ms
  Finalizing page optimization ...

Route (app)
Γöî Γùï /
Γö£ Γùï /_not-found
Γö£ Γùï /about
Γö£ Γùï /admin
Γö£ Γùï /booking
Γö£ Γùï /contact
Γö£ Γùï /portfolio
Γö£ Γùï /pricing
Γö£ Γùï /services
Γöö Γùï /testimonials


Γùï  (Static)  prerendered as static content

